1117838978 2005.06.03 R02-M1-N0-C:J12-U11 2005-06-03-15.49.38.026704 R02-M1-N0-C:J12-U11 RAS KERNEL INFO instruction cache parity error corrected
1117842440 2005.06.03 R23-M0-NE-C:J05-U01 2005-06-03-16.47.20.730545 R23-M0-NE-C:J05-U01 RAS KERNEL INFO 63543 double-hummer alignment exceptions
1117848119 2005.06.03 R16-M1-N2-C:J17-U01 2005-06-03-18.21.59.871925 R16-M1-N2-C:J17-U01 RAS KERNEL INFO CE sym 2, at 0x0b85eee0, mask 0x05
1117984216 2005.06.05 R32-M1-N4-C:J16-U01 2005-06-05-08.10.16.270131 R32-M1-N4-C:J16-U01 RAS KERNEL INFO generating core.6884
1117984246 2005.06.05 R30-M1-N3-C:J02-U01 2005-06-05-08.10.46.344235 R30-M1-N3-C:J02-U01 RAS KERNEL FATAL force load/store alignment...............0
1118112700 2005.06.06 R23-M0-N0-I:J18-U01 2005-06-06-19.51.40.376079 R23-M0-N0-I:J18-U01 RAS KERNEL INFO ciod: cpu 0 at treeaddr 438 sent unrecognized message 0xffffffff
1118193358 2005.06.07 R11-M0-NC-I:J18-U01 2005-06-07-18.15.58.583443 R11-M0-NC-I:J18-U01 RAS APP FATAL ciod: LOGIN chdir(/p/gb2/glosli/8M_5000K/t800) failed: No such file or directory
1118271740 2005.06.08 R03-M1-N9-C:J09-U11 2005-06-08-16.02.20.600478 R03-M1-N9-C:J09-U11 RAS KERNEL INFO 1 ddr errors(s) detected and corrected on rank 0, symbol 25, bit 1
1118699850 2005.06.13 R22-M0-NC-I:J18-U01 2005-06-13-14.57.30.126106 R22-M0-NC-I:J18-U01 RAS KERNEL INFO ciod: Message code 0 is not 51 or 4294967295
1118766935 2005.06.14 R20-M1-NC-C:J05-U01 2005-06-14-09.35.35.569986 R20-M1-NC-C:J05-U01 RAS KERNEL FATAL instruction address: 0x00004ed8
1118767015 2005.06.14 R24-M1-N3-C:J16-U01 2005-06-14-09.36.55.370589 R24-M1-N3-C:J16-U01 RAS KERNEL FATAL data address: 0x00000002
1118767320 2005.06.14 R25-M1-N9-C:J06-U11 2005-06-14-09.42.00.555171 R25-M1-N9-C:J06-U11 RAS KERNEL FATAL machine check: i-fetch......................0
1118767381 2005.06.14 R20-M0-N2-C:J13-U11 2005-06-14-09.43.01.478244 R20-M0-N2-C:J13-U11 RAS KERNEL FATAL program interrupt: illegal instruction......0
1118769574 2005.06.14 R26-M1-NC-C:J13-U11 2005-06-14-10.19.34.342222 R26-M1-NC-C:J13-U11 RAS KERNEL FATAL exception syndrome register: 0x00800000
1118769649 2005.06.14 R26-M0-N5-C:J08-U01 2005-06-14-10.20.49.630306 R26-M0-N5-C:J08-U01 RAS KERNEL FATAL program interrupt: illegal instruction......0
1118769991 2005.06.14 R26-M0-NA-C:J04-U11 2005-06-14-10.26.31.242578 R26-M0-NA-C:J04-U11 RAS KERNEL FATAL data store interrupt caused by dcbf.........0
1118770236 2005.06.14 R25-M1-N3-C:J14-U11 2005-06-14-10.30.36.559680 R25-M1-N3-C:J14-U11 RAS KERNEL FATAL program interrupt: privileged instruction...0
1118770309 2005.06.14 R20-M1-NB-C:J03-U11 2005-06-14-10.31.49.464584 R20-M1-NB-C:J03-U11 RAS KERNEL FATAL program interrupt: trap instruction.........0
1118770375 2005.06.14 R27-M0-N3-C:J15-U01 2005-06-14-10.32.55.359107 R27-M0-N3-C:J15-U01 RAS KERNEL FATAL program interrupt: imprecise exception......0
1118770603 2005.06.14 R24-M1-NE-C:J15-U11 2005-06-14-10.36.43.928442 R24-M1-NE-C:J15-U11 RAS KERNEL FATAL store operation.............................1
1118770646 2005.06.14 R27-M1-N9-C:J11-U11 2005-06-14-10.37.26.925212 R27-M1-N9-C:J11-U11 RAS KERNEL FATAL machine state register: 0x00002000
1118770954 2005.06.14 R26-M0-N4-C:J15-U11 2005-06-14-10.42.34.598602 R26-M0-N4-C:J15-U11 RAS KERNEL FATAL problem state (0=sup,1=usr).......0
1118770989 2005.06.14 R21-M1-N4-C:J17-U11 2005-06-14-10.43.09.420211 R21-M1-N4-C:J17-U11 RAS KERNEL FATAL data store interrupt caused by icbi.........0
1118771001 2005.06.14 R26-M1-NF-C:J11-U11 2005-06-14-10.43.21.582308 R26-M1-NF-C:J11-U11 RAS KERNEL FATAL floating point instr. enabled.....1
1118771075 2005.06.14 R24-M0-NF-C:J09-U01 2005-06-14-10.44.35.353282 R24-M0-NF-C:J09-U01 RAS KERNEL FATAL auxiliary processor.........................0
1118771098 2005.06.14 R26-M1-N4-C:J13-U11 2005-06-14-10.44.58.632865 R26-M1-N4-C:J13-U11 RAS KERNEL FATAL machine check enable..............0
1118771115 2005.06.14 R26-M0-N5-C:J11-U11 2005-06-14-10.45.15.849740 R26-M0-N5-C:J11-U11 RAS KERNEL FATAL floating pt ex mode 0 enable......0
1118771259 2005.06.14 R24-M0-NA-C:J16-U11 2005-06-14-10.47.39.811377 R24-M0-NA-C:J16-U11 RAS KERNEL FATAL program interrupt: unimplemented operation..0
1118771302 2005.06.14 R27-M1-N8-C:J09-U11 2005-06-14-10.48.22.614188 R27-M1-N8-C:J09-U11 RAS KERNEL FATAL debug interrupt enable............0
1118771330 2005.06.14 R26-M1-N6-C:J05-U01 2005-06-14-10.48.50.649332 R26-M1-N6-C:J05-U01 RAS KERNEL FATAL floating pt ex mode 1 enable......0
1118771384 2005.06.14 R21-M1-N6-C:J13-U11 2005-06-14-10.49.44.238733 R21-M1-N6-C:J13-U11 RAS KERNEL FATAL byte ordering exception.....................0
1118771469 2005.06.14 R27-M1-N9-C:J03-U01 2005-06-14-10.51.09.848118 R27-M1-N9-C:J03-U01 RAS KERNEL FATAL data address space................0
1118771516 2005.06.14 R25-M0-N6-C:J14-U11 2005-06-14-10.51.56.234430 R25-M0-N6-C:J14-U11 RAS KERNEL FATAL program interrupt: imprecise exception......0
1118771528 2005.06.14 R26-M0-NF-C:J15-U01 2005-06-14-10.52.08.434393 R26-M0-NF-C:J15-U01 RAS KERNEL FATAL core configuration register: 0x00002000
1118771679 2005.06.14 R21-M1-N5-C:J05-U11 2005-06-14-10.54.39.063056 R21-M1-N5-C:J05-U11 RAS KERNEL FATAL program interrupt: fp cr update.............0
1118771847 2005.06.14 R26-M0-N8-C:J03-U01 2005-06-14-10.57.27.640707 R26-M0-N8-C:J03-U01 RAS KERNEL FATAL guaranteed instruction cache block touch.0
1118771928 2005.06.14 R27-M1-N4-C:J05-U11 2005-06-14-10.58.48.336960 R27-M1-N4-C:J05-U11 RAS KERNEL FATAL guaranteed data cache block touch........1
1118771988 2005.06.14 R27-M0-N7-C:J02-U01 2005-06-14-10.59.48.153923 R27-M0-N7-C:J02-U01 RAS KERNEL FATAL force load/store alignment...............0
